#{ifdef TESTROM
#{if step>=1
f
#}if
#{if step>=3
o
#}if
#{if step>=4
r
#}if
#{if step>=4.1
t
#}if
#{if step>=4.2
h
#}if
#{if step>=4.4
 
#}if
#{if step>=24
r
#}if
#{if step>=27
o
#}if
#{if step>=31
m !
#}if
#{if step>=49
 
#}if
#{if step>=50
o
#}if
#{if step>=51
k
#}if
#{if step>=55
>
#}if
#{if step>=56
 
#}if
#{if step>=57
H
#}if
#{if step>=58
o
#}if
#{if step>=59
t
#}if
#{if step>=60
 
#}if
#{if step>=61
@
#}if
#{if step>=62
 0xC0FE
#}if
#}ifdef
